[  0.000000] Initializing cgroup subsys cpuset
[    0.000000] Initializing cgroup subsys cpu
[    0.000000] Initializing cgroup subsys cpuacct
[    0.000000] Linux veersion 4.4.0-137-generic (buildd@lgw01-amd64-037) (gcc version 5.4.0 20160609 (Ubuntu 5.4.0-6ubuntu1~16.04.10) ) #163-Ubuntu SMP Mon Sep 24 13:14:43 UTC 2018 (Ubuntu 4.4.0-137.163-generic 4.4.144)
[   .000000] Command line: BOOT_IMAGE=/boot/vmlinuz-4.4.0-137-generic root=LABEL=cloudimg-rootfs ro console=tty1 console=ttyS0
[    0.000000] KERNEL supported cpus:
[    0.000000]   Intel GenuineIntel
[    0.000000]   AMD AuthenticAMD
[    0.000000]   Centaur CentaurHauls
[    0.000000] x86/fpu: xstate_offset[2]:  576, xstate_sizes[2]:  256
[    0.000000] x86/fpu: Supporting XSAVE feature 0x01: 'x87 floating point registers'
[    0.000000] x86/fpu: Supporting XSAVE feature 0x02: 'SSE reisters'
[    0.000000] x86/fpu: Supporting XSAVE feature 0x04: 'AVX registers'
[    0.0000] 86/fpu: Enabled xstate features 0x7, context size is 832 bytes, using 'standard' format.
[    0.000000] e820: BIOS-provided physical RAM map:
[    0.000000] BOS-e820: [mem 0x0000000000000000-0x000000000009fbff] usable
[    0.0000] IOS-e820: [mem 0x000000000009fc00-0x000000000009ffff] reserved
[    0.000000] BIOS-e820: [mem 0x00000000000f0000-0x00000000000fffff] reserd[    0.000000] BIOS-e820: [mem 0x0000000000100000-0x000000003ffeffff] usable
[    0.000000] BIOS-e820: [mem 0x000000003fff0000-0x000000003fffffff] ACPI data
[    0.000000] BIOS-e820: [mem 0x00000000fec00000-0x00000000fec00fff] reserved
[    0.000000] BIOS-e820: [mem 0x00000000fee00000-0x00000000fee00fff] reserved
[    0.000000] BIOS-e820: [mem 0x00000000fffc0000-0x00000000ffffffff] reserved
[    0.000000] NX (Execute Disable) protection: active
[    0.000000] SMBIOS 2.5 present.
[    0.000000] Hypervisor detected: KVM
[    0.000000] Kernel/User page tables isolation: disabled
[    0.000000] e820: last_pfn = 0x3fff0 max_arch_pfn = 0x400000000
[    0.000000] MTRR: Disabled
[    0.000000] x86/PAT: MTRRs disabled, skipping PAT initialization too.
[    0.000000] CPU MTRRs all blank - virtualized system.
[    0.000000] x86/PAT: Configuration [0-7]: WB  WT  UC- UC  WB  WT  UC- UC  
[    0.000000] found SMP MP-table at [mem 0x0009fff0-0x0009ffff] mapped at [ffff88000009fff0]
[    0.000000] Scanning 1 areas for low memory corruption
[    0.000000] RAMDISK: [mem 0x3630a000-0x3717cfff]
[    0.000000] ACPI: Early table checksum verification disabled
[    0.000000] ACPI: RSDP 0x00000000000E0000 000024 (v02 VBOX  )
[    0.000000] ACPI: XSDT 0x000000003FFF0030 00003C (v01 VBOX   VBOXXSDT 00000001 ASL  00000061)
[    0.000000] ACPI: FACP 0x000000003FFF00F0 0000F4 (v04 VBOX   VBOXFACP 00000001 ASL  00000061)
[    0.000000] ACPI: DSDT 0x000000003FFF0470 0021FF (v02 VBOX   VBOXBIOS 00000002 INTL 20100528)
[    0.000000] ACPI: FACS 0x000000003FFF0200 000040
[    0.000000] ACPI: FACS 0x000000003FFF0200 000040
[    0.000000] ACPI: APIC 0x000000003FFF0240 00005C (v02 VBOX   VBOXAPIC 00000001 ASL  00000061)
[    0.000000] ACPI: SSDT 0x000000003FFF02A0 0001CC (v01 VBOX   VBOXCPUT 00000002 INTL 20100528)
[    0.000000] No NUMA configuration found
[    0.000000] Faking a node at [mem 0x0000000000000000-0x000000003ffeffff]
[    0.000000] NODE_DATA(0) allocated [mem 0x3ffeb000-0x3ffeffff]
[    0.000000] kvm-clock: Using msrs 4b564d01 and 4b564d00
[    0.000000] kvm-clock: cpu 0, msr 0:3ffe3001, primary cpu clock
[    0.000000] kvm-clock: using sched offset of 4375018447 cycles
[    0.000000] clocksource: kvm-clock: mask: 0xffffffffffffffff max_cycles: 0x1cd42e4dffb, max_idle_ns: 881590591483 ns
[    0.000000] Zone ranges:
[    0.000000]   DMA      [mem 0x0000000000001000-0x0000000000ffffff]
[    0.000000]   DMA32    [mem 0x0000000001000000-0x000000003ffeffff]
[    0.000000]   Normal   empty
[    0.000000]   Device   empty
[    0.000000] Movable zone start for each node
[    0.000000] Early memory node ranges
[    0.000000]   node   0: [mem 0x0000000000001000-0x000000000009efff]
[    0.000000]   node   0: [mem 0x0000000000100000-0x000000003ffeffff]
[    0.000000] Initmem setup node 0 [mem 0x0000000000001000-0x000000003ffeffff]
[    0.000000] ACPI: PM-Timer IO Port: 0x4008
[    0.000000] IOAPIC[0]: apic_id 2, version 32, address 0xfec00000, GSI 0-23
[    0.000000] ACPI: INT_SRC_OVR (bus 0 bus_irq 0 global_irq 2 dfl dfl)
[    0.000000] ACPI: INT_SRC_OVR (bus 0 bus_irq 9 global_irq 9 low level)
[    0.000000] Using ACPI (MADT) for SMP configuration information
[    0.000000] smpboot: Allowing 2 CPUs, 0 hotplug CPUs
[    0.000000] PM: Registered nosave memory: [mem 0x00000000-0x00000fff]
[    0.000000] PM: Registered nosave memory: [mem 0x0009f000-0x0009ffff]
[    0.000000] PM: Registered nosave memory: [mem 0x000a0000-0x000efff]
[    0.000000] PM: Registered nosave memory: [mem 0x000f0000-0x000fffff]
[    0.000000] e820: [mem 0x40000000-0xfebfffff] available for PCI devices
[    0.000000] Booting paravirtualized kernel on KVM
[    0.000000] clocksource: refined-jiffies: mask: 0xffffffff max_cycles: 0xffffffff, max_idle_ns: 7645519600211568 ns
[    0.000000] setup_percpu: NR_CPUS:512 nr_cpumask_bits:512 nr_cpu_ids:2 nr_node_ids:1
[    0.000000] PERCPU: Embedded 34 pages/cpu @ffff88003fc00000 s99608 r8192 d31464 u1048576
[    0.000000] PV qspinlock hash table entries: 256 (order: 0, 4096 bytes)
[    0.000000] Built 1 zonelists in Node order, mobility grouping on.  Total pages: 257912
[    0.000000] Policy zone: DMA32
[    0.000000] Kernel command line: BOOT_IMAGE=/boot/vmlinuz-4.4.0-137-generic root=LABEL=cloudimg-rootfs ro console=tty1 console=ttyS0
[    0.000000] PID hash table entries: 4096 (order: 3, 32768 bytes)
[    0.000000] Memory: 997708K/1048120K available (8555K kernel code, 1314K rwdata, 4004K rodata, 1528K init, 1316K bss, 50412K reserved, 0K cma-reserved)
[    0.000000] SLUB: HWalign=64, Order=0-3, MinObjects=0, CPUs=2, Nodes=1
[    0.000000] Hierarchical RCU implementation.
[    0.000000] 	Build-time adjustment of leaf fanout to 64.
[    0.000000] 	RCU restricting CPUs from NR_CPUS=512 to nr_cpu_ids=2.
[    0.000000]RC Adjusting geometry for rcu_fanout_leaf=64, nr_cpu_ids=2
[    0.000000] NR_IRQS:33024 nr_irqs:440 16
[    0.000000] Console: colour VGA+ 80x25
[    0.000000] console [tty1] enabled
[    0.000000] console [ttyS0] enabled
[    0.000000] tsc: Detected 3493.412 MHz processor
[    0.000000] tsc: Marking TSC unstable due to TSCs unsynchronized
[    0.004000] Calibrating delay loop (skipped) preset value.. 6986.82 BogoMIPS (lpj=13973648)
[    0.004000] pid_max: default: 32768 minimum: 301
[    0.004000] ACPI: Core revision 20150930

[    0.004826] ACPI: 2 ACPI AML tables successfully acquired and loaded
[    0.005885] Security Framework initialized
[    0.006560] Yama: becoming mindful.
[    0.007171] AppArmor: AppArmor initialized
[    0.008063] Dentry cache hash table entries: 131072 (order: 8, 1048576 bytes)
[    0.009253] Inode-cache hash table entries: 65536 (order: 7, 524288 bytes)
[    0.012056] Mount-cache hash table entries: 2048 (order: 2, 16384 bytes)
[    0.016015] Mountpoint-cache hash table entries: 2048 (order: 2, 16384 bytes)
[    0.020155] Initializing cgroup subsys io
[    0.020819] Initializing cgroup subsys memory
[    0.021586] Initializing cgroup subsys devices
[    0.022303] Initializing cgroup subsys freezer
[    0.024007] Initializing cgroup subsys net_cls
[    0.024714] Initializing cgroup subsys perf_event
[    0.025444] Initializing cgroup subsys net_prio
[    0.026161] Initializing cgroup subsys hugetlb
[    0.026863] Initializing cgroup subsys pids
[    0.130089] mce: CPU supports 0 MCE banks
[    0.132022] Last level iTLB entries: 4KB 1024, 2MB 1024, 4MB 512
[    0.136009] Last level dTLB entries: 4KB 1536, 2MB 1536, 4MB 768, 1GB 0
[    0.140008] Spectre V2 : Spectre mitigation: LFENCE not serializing. Switching to generic retpoline
[    0.144007] Spectre V2 : Mitigation: Full generic retpoline
[    0.148005] Spectre V2 : Spectre v2 mitigation: Speculation control IBPB not-supported IBRS not-supported
[    0.152004] Spectre V2 : Spectre v2 / SpectreRSB mitigation: Filling RSB on context switch
[    0.153986] Speculative Store Bypass: Mitigation: Speculative Store Bypass disabled via prctl and seccomp
[    0.158964] Freeing SMP alternatives memory: 32K
[    0.170185] ftrace: allocating 32265 entries in 127 pages
[    0.192110] smpboot: APIC(0) Converting physical 0 to logical package 0
[    0.196011] smpboot: Max logical packages: 1
[    0.204120] x2apic enabled
[    0.208006] Switched APIC routing to physical x2apic.
[    0.216433] ..TIMER: vector=0x30 apic1=0 pin1=2 apic2=-1 pin2=-1
[    0.224000] smpboot: CPU0: AMD Ryzen 3 2200G with Radeon Vega Graphics (family: 0x17, model: 0x11, stepping: 0x0)
[    0.228425] Performance Events: Broken PMU hardware detected, using software events only.
[    0.236008] Failed to access perfctr msr (MSR c0010007 is 0)
[    0.240031] KVM setup paravirtual spinlock
[    0.246522] x86: Booting SMP configuration:
[    0.248004] .... node  #0, CPUs:      #1
[    0.004000] kvm-clock: cpu 1, msr 0:3ffe3041, secondary cpu clock
[    0.004000] mce: CPU supports 0 MCE banks
[    0.378967] x86: Booted up 1 node, 2 CPUs
[    0.380002] smpboot: Total of 2 processors activated (13973.64 BogoMIPS)
[    0.384311] devtmpfs: initialized
[    0.393619] evm: security.selinux
[    0.394196] evm: security.SMACK64
[    0.394769] evm: security.SMACK64EXEC
[    0.396001] evm: security.SMACK64TRANSMUTE
[    0.396666] evm: security.SMACK64MMAP
[    0.397311] evm: security.ima
[    0.428004] evm: security.capability
[    0.431311] clocksource: jiffies: mask: 0xffffffff max_cycles: 0xffffffff, max_idle_ns: 7645041785100000 ns
[    0.440020] futex hash table entries: 512 (order: 3, 32768 bytes)
[    0.441227] pinctrl core: initialized pinctrl subsystem
[    0.444120] RTC time: 13:05:55, date: 10/25/18
[    0.450156] NET: Registered protocol family 16
[    0.460003] cpuidle: using governor ladder
[    0.472007] cpuidle: using governor menu
[    0.472907] PCCT header not found.
[    0.476723] ACPI: bus type PCI registered
[    0.480008] acpiphp: ACPI Hot Plug PCI Controller Driver version: 0.5
[    0.484139] PCI: Using configuration type 1 for base access
[    0.485304] PCI: Using configuration type 1 for extended access
[    0.500077] ACPI: Added _OSI(Module Device)
[    0.504009] ACPI: Added _OSI(Processor Device)
[    0.508009] ACPI: Added _OSI(3.0 _SCP Extensions)
[    0.512003] ACPI: Added _OSI(Processor Aggregator Device)
[    0.513963] ACPI: Executed 1 blocks of module-level executable AML code
[    0.517709] ACPI: Interpreter enabled
[    0.519856] ACPI: (supports S0 S5)
[    0.520003] ACPI: Using IOAPIC for interrupt routing
[    0.521140] PCI: Using host bridge windows from ACPI; if necessary, use "pci=nocrs" and report a bug
[    0.525514] ACPI: PCI Root Bridge [PCI0] (domain 0000 [bus 00-ff])
[    0.528020] acpi PNP0A03:00: _OSC: OS supports [ExtendedConfig ASPM ClockPM Segments MSI]
[    0.529665] acpi PNP0A03:00: _OSC: OS now controls [PCIeHotplug PME AER PCIeCapability]
[    0.532336] PCI host bridge to bus 0000:00
[    0.533094] pci_bus 0000:00: root bus resource [io  0x0000-0x0cf7 window]
[    0.536011] pci_bus 0000:00: root bus resource [io  0x0d00-0xffff window]
[    0.537432] pci_bus 0000:00: root bus resource [mem 0x000a0000-0x000bffff window]
[    0.540005] pci_bus 0000:00: root bus resource [mem 0x40000000-0xfdffffff window]
[    0.544009] pci_bus 0000:00: root bus resource [bus 00-ff]
[    0.550011] pci 0000:00:01.1: legacy IDE quirk: reg 0x10: [io  0x01f0-0x01f7]
[    0.552008] pci 0000:00:01.1: legacy IDE quirk: reg 0x14: [io  0x03f6]
[    0.553008] pci 0000:00:01.1: legacy IDE quirk: reg 0x18: [io  0x0170-0x0177]
[    0.554091] pci 0000:00:01.1: legacy IDE quirk: reg 0x1c: [io  0x0376]
[    0.578685] pci 0000:00:07.0: quirk: [io  0x4000-0x403f] claimed by PIIX4 ACPI
[    0.580016] pci 0000:00:07.0: quirk: [io  0x4100-0x410f] claimed by PIIX4 SMB
[    0.597411] ACPI: PCI Interrupt Link [LNKA] (IRQs 5 9 10 *11)
[    0.604644] ACPI: PCI Interrupt Link [LNKB] (IRQs 5 9 *10 11)
[    0.608686] ACPI: PCI Interrupt Link [LNKC] (IRQs 5 *9 10 11)
[    0.609923] ACPI: PCI Interrupt Link [LNKD] (IRQs 5 9 10 *11)
[    0.612724] ACPI: Enabled 2 GPEs in block 00 to 07
[    0.616018] vgaarb: setting as boot device: PCI:0000:00:02.0
[    0.616884] vgaarb: device added: PCI:0000:00:02.0,decodes=io+mem,owns=io+mem,locks=none
[    0.620005] vgaarb: loaded
[    0.624001] vgaarb: bridge control possible 0000:00:02.0
[    0.625010] SCSI subsystem initialized
[    0.632054] ACPI: bus type USB registered
[    0.632726] usbcore: registered new interface driver usbfs
[    0.634975] usbcore: registered new interface driver hub
[    0.636024] usbcore: registered new device driver usb
[    0.644032] PCI: Using ACPI for IRQ routing
[    0.645008] NetLabel: Initializing
[    0.646911] NetLabel:  domain hash size = 128
[    0.647609] NetLabel:  protocols = UNLABELED CIPSOv4
[    0.648009] NetLabel:  unlabeled traffic allowed by default
[    0.648880] amd_nb: Cannot enumerate AMD northbridges
[    0.648880] clocksource: Switched to clocksource kvm-clock
[  05766 AArorApArr lest Enabled
[    0.661567] pnp: PnP ACPI init
[   0.661567] pnp: PnP ACPI: found 3 devices

[    1.148192] clocksource: acpi_pm: mask: 0xffffff max_cycles: 0xffffff, max_idle_ns: 2085701024 ns
[  1.149589] NET: Registered protocol family 2

[   .1455] TCP established hash table entries: 8192 (order: 4, 65536 bytes)
[    1.287533] TCP bind hash table entries: 8192 (order: 5, 131072 bytes)
[    1.288516] TCP: Hash tables configured (established 8192 bind 8192)
[    1.289456] UDP hash table entries: 512 (order: 2, 16384 bytes)
[    1.290328] UDP-Lite hash table entries: 512 (order: 2, 16384 bytes)
[   2915] NET: Registered protocol family 1
[    1.439461] pci 0000:00:00.0: Limiting direct PCI/PCI transfers
[    14545 p 00:00:01.0: Activating ISA DMA hang workarounds
[    1.681060] Unpacking initramfs...
[    1.682436] Freeing initrd memory: 14796K

[    1.944134] platform rtc_cmos: registered platform RTC device (no PNP device found)
[    1.950213] clocksource: tsc: mask: 0xffffffffffffffff max_cycles: 0x325b017abf7, max_idle_ns: 440795257871 ns
[    1.952550] Scanning for low memory corruption every 60 seconds
[    1.960380] audit: initializing netlink subsys (disabled)
[    1.974307] audit: type=2000 audit(1540472762.674:1): initialized
[    1.975409] Initialise system trusted keyring
[    1.980] HugeTLB registered 2 MB page size, pre-allocated 0 pages
[    2.095076] zbud: loaded
[    2.096313] VFS: Disk quotas dquot_6.6.0
[    2.098793] VFS: Dquot-cache hash table entries: 512 (order 0, 4096 bytes)
[    2.100387] squashfs: version 4.0 (2009/01/31) Phillip Lougher
[    2.102350] fuse init (API version 7.23)
[    2.103482] Key type big_key registered
[    2.104442] Allocating IMA MOK and blacklist keyrings.
[    2.107325] Key type asymmetric registered
[    2.108392] Asymmetric key parser 'x509' registered
[    2.109534] Block layer SCSI generic (bsg) driver version 0.4 loaded (major 249)
[    2.115759] io scheduler noop registered
[    2.117013] io scheduler deadline registered (default)
[    2.118199] io scheduler cfq registered
[    2.119215] pci_hotplug: PCI Hot Plug PCI Core version: 0.5
[    2.120568] pciehp: PCI Express Hot Plug Controller Driver version: 0.4
[    2.122148] ACPI: AC Adapter [AC] (on-line)
[    2.124355] input: Power Button as /devices/LNXSYSTM:00/LNXPWRBN:00/input/input0
[    2.135640] ACPI: Power Button [PWRF]
[    2.155937] input: Sleep Button as /devices/LNXSYSTM:00/LNXSLPBN:00/input/input1
[    2.158000] ACPI: Sleep Button [SLPF]
[    2.159097] GHES: HEST is not enabled!
[    2.160153] Serial: 8250/16550 driver, 32 ports, IRQ sharing enabled
[    2.183412] 00:02: ttyS0 at I/O 0x3f8 (irq = 4, base_baud = 115200) is a 16550A
[    2.201799] Linux agpgart interface v0.103
[    2.204855] loop: module loaded
[    2.206383] scsi host0: ata_piix
[    2.207477] scsi host1: ata_piix
[    2.217601] ata1: PATA max UDMA/33 cmd 0x1f0 ctl 0x3f6 bmdma 0xd000 irq 14
[    2.219451] ata2: PATA max UDMA/33 cmd 0x170 ctl 0x376 bmdma 0xd008 irq 15
[    2.222765] libphy: Fixed MDIO Bus: probed
[    2.223680] tun: Universal TUN/TAP device driver, 1.6
[    2.224890] tun: (C) 1999-2004 Max Krasnyansky <maxk@qualcomm.com>
[    2.232793] PPP generic driver version 2.4.2
[    2.236670] ehci_hcd: USB 2.0 'Enhanced' Host Controller (EHCI) Driver
[    2.245041] ehci-pci: EHCI PCI platform driver
[    2.246154] ehci-platform: EHCI generic platform driver
[    2.247386] ohci_hcd: USB 1.1 'Open' Host Controller (OHCI) Driver
[    2.248771] ohci-pci: OHCI PCI platform driver
[    2.249882] ohci-platform: OHCI generic platform driver
[    2.251123] uhci_hcd: USB Universal Host Controller Interface driver
[    2.318138] i8042: PNP: PS/2 Controller [PNP0303:PS2K,PNP0f03:PS2M] at 0x60,0x64 irq 1,12
[    2.321906] serio: i8042 KBD port at 0x60,0x64 irq 1
[    2.323075] serio: i8042 AUX port at 0x60,0x64 irq 12
[    2.324423] mousedev: PS/2 mouse device common for all mice
[    2.326087] input: AT Translated Set 2 keyboard as /devices/platform/i8042/serio0/input/input2
[    2.328630] rtc_cmos rtc_cmos: rtc core: registered rtc_cmos as rtc0
[    2.330103] rtc_cmos rtc_cmos: alarms up to one day, 114 bytes nvram
[    2.342311] i2c /dev entries driver
[    2.343296] device-mapper: uevent: version 1.0.3
[    2.344525] device-mapper: ioctl: 4.34.0-ioctl (2015-10-28) initialised: dm-devel@redhat.com
[    2.346233] ledtrig-cpu: registered to indicate activity on CPUs
[    2.357630] NET: Registered protocol family 10
[    2.358923] NET: Registered protocol family 17
[    2.359930] Key type dns_resolver registered
[    2.361245] registered taskstats version 1
[    2.362149] Loading compiled-in X.509 certificates
[    2.363778] Loaded X.509 cert 'Build time autogenerated kernel key: 20acc96b50ca7641011eace69d32209215a9b56f'
[    2.400722] zswap: loaded using pool lzo/zbud
[    2.403912] Key type trusted registered
[    2.408294] Key type encrypted registered
[    2.409179] AppArmor: AppArmor sha1 policy hashing enabled
[    2.410233] ima: No TPM chip found, activating TPM-bypass!
[    2.411325] ima: Allocated hash algorithm: sha1
[    2.412256] evm: HMAC attrs: 0x1
[    2.415237]   Magic number: 6:794:79
[    2.415977] rtc_cmos rtc_cmos: setting system clock to 2018-10-25 13:05:57 UTC (1540472757)
[    2.437220] BIOS EDD facility v0.16 2004-Jun-25, 0 devices found
[    2.438133] EDD information not available.
[    2.454183] Freeing unused kernel memory: 1528K
[    2.472006] Write protecting the kernel read-only data: 14336k
[    2.486431] Freeing unused kernel memory: 1672K
[    2.488624] Freeing unused kernel memory: 92K
Loading, please wait...
starting version[    2.500942] random: systemd-udevd: uninitialized urandom read (16 bytes read, 5 bits of entropy available)
 229
[    2.501535] random: udevadm: uninitialized urandom read (16 bytes read, 5 bits of entropy available)
[    2.501632] random: udevadm: uninitialized urandom read (16 bytes read, 5 bits of entropy available)
[    2.509739] random: udevadm: uninitialized urandom read (16 bytes read, 5 bits of entropy available)
[    2.509831] random: udevadm: uninitialized urandom read (16 bytes read, 5 bits of entropy available)
[    2.510010] random: udevadm: uninitialized urandom read (16 bytes read, 5 bits of entropy available)
[    2.510124] random: udevadm: uninitialized urandom read (16 bytes read, 5 bits of entropy available)
[    2.510252] random: udevadm: uninitialized urandom read (16 bytes read, 5 bits of entropy available)
[    2.510366] random: udevadm: uninitialized urandom read (16 bytes read, 5 bits of entropy available)
[    2.510482] random: udevadm: uninitialized urandom read (16 bytes read, 5 bits of entropy available)
[    2.686135] e1000: Intel(R) PRO/1000 Network Driver - version 7.3.21-k8-NAPI
[    2.687200] e1000: Copyright (c) 1999-2006 Intel Corporation.
[    2.691040] Fusion MPT base driver 3.04.20
[    2.691745] Copyright (c) 1999-2008 LSI Corporation
[    2.695533] Fusion MPT SPI Host driver 3.04.20
[    2.721227] AVX2 version of gcm_enc/dec engaged.
[    2.757495] AES CTR mode by8 optimization enabled
[    2.901718] input: ImExPS/2 Generic Explorer Mouse as /devices/platform/i8042/serio1/input/input4
[    3.071358] e1000 0000:00:03.0 eth0: (PCI:33MHz:32-bit) 02:20:67:8c:d5:af
[    3.093315] e1000 0000:00:03.0 eth0: Intel(R) PRO/1000 Network Connection
[    3.441407] e1000 0000:00:08.0 eth1: (PCI:33MHz:32-bit) 08:00:27:6c:02:b4
[    3.453400] e1000 0000:00:08.0 eth1: Intel(R) PRO/1000 Network Connection
[    3.463492] e1000 0000:00:03.0 enp0s3: renamed from eth0
[    3.465388] mptbase: ioc0: Initiating bringup
[    3.474383] e1000 0000:00:08.0 enp0s8: renamed from eth1
[    3.925835] ioc0: LSI53C1030 A0: Capabilities={Initiator}
[    4.094177] scsi host2: ioc0: LSI53C1030 A0, FwRev=00000000h, Ports=1, MaxQ=256, IRQ=20
[    4.941031] scsi 2:0:0:0: Direct-Access     VBOX     HARDDISK         1.0  PQ: 0 ANSI: 5
[    4.944768] scsi target2:0:0: Beginning Domain Validation
[    4.947076] scsi target2:0:0: Domain Validation skipping write tests
[    4.948437] scsi target2:0:0: Ending Domain Validation
[    4.959504] scsi target2:0:0: asynchronous
[    4.960684] scsi 2:0:1:0: Direct-Access     VBOX     HARDDISK         1.0  PQ: 0 ANSI: 5
[    4.962414] scsi target2:0:1: Beginning Domain Validation
[    4.966997] scsi target2:0:1: Domain Validation skipping write tests
[    4.968149] scsi target2:0:1: Ending Domain Validation
[    4.969177] scsi target2:0:1: asynchronous
[    4.978264] sd 2:0:0:0: Attached scsi generic sg0 type 0
[    4.978614] sd 2:0:0:0: [sda] 20971520 512-byte logical blocks: (10.7 GB/10.0 GiB)
[    4.978751] sd 2:0:0:0: [sda] Write Protect is off
[    4.978807] sd 2:0:0:0: [sda] Incomplete mode parameter data
[    4.978809] sd 2:0:0:0: [sda] Assuming drive cache: write through
[    4.990384]  sda: sda1
[    4.990776] sd 2:0:0:0: [sda] Attached SCSI disk
[    4.999402] sd 2:0:1:0: Attached scsi generic sg1 type 0
[    4.999474] sd 2:0:1:0: [sdb] 20480 512-byte logical blocks: (10.5 MB/10.0 MiB)
[    4.999628] sd 2:0:1:0: [sdb] Write Protect is off
[    4.999813] sd 2:0:1:0: [sdb] Incomplete mode parameter data
[    4.999815] sd 2:0:1:0: [sdb] Assuming drive cache: write through
[    5.022552] sd 2:0:1:0: [sdb] Attached SCSI disk
Begin: Loading essential drivers ... [    6.383710] md: linear personality registered for level -1
[    6.399791] md: multipath personality registered for level -4
[    6.402855] md: raid0 personality registered for level 0
[    6.406165] md: raid1 personality registered for level 1
[    6.484544] raid6: sse2x1   gen()  7395 MB/s
[    6.565074] raid6: sse2x1   xor()  7661 MB/s
[    6.644199] raid6: sse2x2   gen() 14934 MB/s
[    6.712774] raid6: sse2x2   xor()  8677 MB/s
[    6.796026] raid6: sse2x4   gen() 15075 MB/s
[    6.872452] raid6: sse2x4   xor()  8958 MB/s
[    6.941023] raid6: avx2x1   gen() 17078 MB/s
[    7.008607] raid6: avx2x2   gen() 20234 MB/s
[    7.084039] raid6: avx2x4   gen() 22672 MB/s
[    7.084941] raid6: using algorithm avx2x4 gen() 22672 MB/s
[    7.087967] raid6: using avx2x2 recovery algorithm
[    7.089631] xor: automatically using best checksumming function:
[    7.128147]    avx       : 12923.000 MB/sec
[    7.129722] async_tx: api initialized (async)
[    7.142029] md: raid6 personality registered for level 6
[    7.142847] md: raid5 personality registered for level 5
[    7.143664] md: raid4 personality registered for level 4
[    7.156062] md: raid10 personality registered for level 10
done.
Begin: Running /scripts/init-premount ... done.
Begin: Mounting root file system ... Begin: Running /scripts/local-top ... done.
Begin: Running /scripts/local-premount ... [    7.187469] Btrfs loaded
Scanning for Btrfs filesystems
done.
Warning: fsck not present, so skipping root file system
[    7.215847] EXT4-fs (sda1): INFO: recovery required on readonly filesystem
[    7.216886] EXT4-fs (sda1): write access will be enabled during recovery
[    7.298641] EXT4-fs (sda1): recovery complete
[    7.299483] EXT4-fs (sda1): mounted filesystem with ordered data mode. Opts: (null)
done.
Begin: Running /scripts/local-bottom ... done.
Begin: Running /scripts/init-bottom ... done.
[  7412] random: nonblocking pool is initialized
[    8.134867] systemd[1]: systemd 229 running in system mode. (+PAM +AUDIT +SELINUX +IMA +APPARMOR +SMACK +SYSVINIT +UTMP +LIBCRYPTSETUP +GCRYPT +GNUTLS +ACL +XZ -LZ4 +SECCOMP +BLKID +ELFUTILS +KMOD -IDN)
[    8.142722] systemd[1]: Detected virtualization oracle.
[    8.148235] systemd[1]: Detected architecture x86-64.

Welcome to [1mUbuntu 16.04.5 LTS[0m!

[    8.171056] systemd[1]: Set hostname to <ubuntu-xenial>.
[    8.910061] systemd[1]: Listening on Journal Socket (/dev/log).
[[0;32m  OK  [0m] Listening on Journal Socket (/dev/log).
[    8.934074] systemd[1]: Listening on /dev/initctl Compatibility Named Pipe.
[[0;32m  OK  [0m] Listening on /dev/initctl Compatibility Named Pipe.
[    8.936825] systemd[1]: Listening on udev Kernel Socket.
[[0;32m  OK  [0m] Listening on udev Kernel Socket.
[    8.939310] systemd[1]: Created slice System Slice.
[[0;32m  OK  [0m] Created slice System Slice.
[  9.001055] systemd[1]: Reached target Encrypted Volumes.
[[0;32m  OK  [0m] Reached target Encrypted Volumes.
[    9.004792] systemd[1]: Reached target System Time Synchronized.
[[0;32m  OK  [0m] Reached target System Time Synchronized.
[    9.004792] systemd[1]: Listening on udev Control Socket.
[[0;32m  OK  [0m] Listening on udev Control Socket.
[    9.004792] systemd[1]: Listening on Journal Socket.
[[0;32m  OK  [0m] Listening on Journal Socket.

[    9.077010] systemd[1]: Starting Create list of required static device nodes for the current kernel...
         Starting Create list of required st... nodes for the current kernel...
[    9.098386] systemd[1]: Starting Uncomplicated firewall...
         Starting Uncomplicated firewall...
[    9.216405] systemd[1]: Starting Load Kernel Modules...
         Starting Load Kernel Modules...
[    9.218901] systemd[1]: Mounting Debug File System...
         Mounting Debug File System...
[    9.221977] systemd[1]: Mounting POSIX Message Queue File System...
         Mounting POSIX Message Queue File System...
[    9.227440] systemd[1]: Started Trigger resolvconf update for networkd DNS.
[[0;32m  OK  [0m] Started Trigger resolvconf update for networkd DNS.
[    9.245078] systemd[1]: Listening on Journal Audit Socket.
[[0;32m  OK  [0m] Listening on Journal Audit Socket.
[    9.253622] systemd[1]: Listening on LVM2 metadata daemon socket.
[[0;32m  OK  [0m] Listening on LVM2 metadata daemon socket.
[    9.255972] systemd[1]: Created slice User and Session Slice.
[[0;32m  OK  [0m] Created slice User and Session Slice.
[    9.272201] systemd[1]: Reached target Slices.
[[0;32m  OK  [0m] Reached target Slices.
[    9.283150] Loading iSCSI transport class v2.0-870.
[    9.292630] systemd[1]: Mounting Huge Pages File System...
         Mounting Huge Pages File System...
[    9.298625] systemd[1]: Starting Nameserver information manager...
         Starting Nameserver information manager...
[    9.328275] systemd[1]: Reached target Swap.
[[0;32m  OK  [0m] Reached target Swap.
[    9.337612] iscsi: registered transport (tcp)
[    9.344591] systemd[1]: Starting Remount Root and Kernel File Systems...
         Starting Remount Root and Kernel File Systems...
[    9.356583] systemd[1]: Listening on LVM2 poll daemon socket.
[[0;32m  OK  [0m] Listening on LVM2 poll daemon socket.
[    9.365009] systemd[1]: Created slice system-serial\x2dgetty.slice.
[[0;32m  OK  [0m] Created slice system-serial\x2dgetty.slice.
[    9.367127] EXT4-fs (sda1): re-mounted. Opts: (null)
[    9.367555] systemd[1]: Starting Set console keymap...
         Starting Set console keymap...
[    9.369738] systemd[1]: Reached target User and Group Name Lookups.
[[0;32m  OK  [0m] Reached target User and Group Name Lookups.
[    9.375276] systemd[1]: Listening on Device-mapper event daemon FIFOs.
[[0;32m  OK  [0m] Listening on Device-mapper event daemon FIFOs.
[    9.378007] systemd[1]: Starting Monitoring of LVM2 mirrors, snapshots etc. using dmeventd or progress polling...
         Starting Monitoring of LVM2 mirrors... dmeventd or progress polling...
[    9.380743] systemd[1]: Started Forward Password Requests to Wall Directory Watch.
[[0;32m  OK  [0m] Started Forward Password Requests to Wall Directory Watch.
[    9.388211] systemd[1]: Set up automount Arbitrary Executable File Formats File System Automount Point.
[[0;32m  OK  [0m] Set up automount Arbitrary Executab...ats File System Automount Point.
[    9.396116] systemd[1]: Listening on Syslog Socket.
[[0;32m  OK  [0m] Listening on Syslog Socket.
[    9.408567] systemd[1]: Starting Journal Service...
         Starting Journal Service...
[    9.438582] systemd[1]: Mounted Huge Pages File System.
[[0;32m  OK  [0m] Mounted Huge Pages File System.
[    9.449798] systemd[1]: Mounted POSIX Message Queue File System.
[[0;32m  OK  [0m] Mounted POSIX Message Queue File System.
[    9.451825] systemd[1]: Mounted Debug File System.
[[0;32m  OK  [0m] Mounted Debug File System.
[    9.463670] systemd[1]: Started Create list of required static device nodes for the current kernel.
[[0;32m  OK  [0m] Started Create list of required sta...ce nodes for the current kernel.
[    9.467672] systemd[1]: Started Uncomplicated firewall.
[[0;32m  OK  [0m] Started Uncomplicated firewall.
[    9.547414] systemd[1]: Started Remount Root and Kernel File Systems.
[[0;32m  OK  [0m] Started Remount Root and Kernel File Systems.
[    9.590777] iscsi: registered transport (iser)
[    9.602049] systemd[1]: Started Nameserver information manager.
[[0;32m  OK  [0m] Started Nameserver information manager.
[    9.656838] systemd[1]: Started Load Kernel Modules.
[[0;32m  OK  [0m] Started Load Kernel Modules.
[    9.660090] systemd[1]: Started Set console keymap.
[[0;32m  OK  [0m] Started Set console keymap.
[    9.704531] systemd[1]: Started LVM2 metadata daemon.
[[0;32m  OK  [0m] Started LVM2 metadata daemon.
[    9.708029] systemd[1]: Mounting FUSE Control File System...
         Mounting FUSE Control File System...
[    9.752884] systemd[1]: Starting Apply Kernel Variables...
         Starting Apply Kernel Variables...
[    9.785033] systemd[1]: Starting Load/Save Random Seed...
         Starting Load/Save Random Seed...
         Starting udev Coldplug all Devices...
         Starting Create Static Device Nodes in /dev...
[[0;32m  OK  [0m] Mounted FUSE Control File System.
[[0;32m  OK  [0m] Started Journal Service.
[[0;32m  OK  [0m] Started Apply Kernel Variables.
[[0;32m  OK  [0m] Started Load/Save Random Seed.
         Starting Flush Journal to Persistent Storage...
[[0;32m  OK  [0m] Started udev Coldplug all Devices.
[[0;32m  OK  [0m] Started Flush Journal to Persistent Storage.
[[0;32m  OK  [0m] Started Create Static Device Nodes in /dev.
         Starting udev Kernel Device Manager...
[[0;32m  OK  [0m] Started Monitoring of LVM2 mirrors,...ng dmeventd or progress polling.
[[0;32m  OK  [0m] Started udev Kernel Device Manager.
[[0;32m  OK  [0m] Started Dispatch Password Requests to Console Directory Watch.
[[0;32m  OK  [0m] Reached target Local File Systems (Pre).
[[0;32m  OK  [0m] Reached target Local File Systems.
         Starting Create Volatile Files and Directories...
         Starting Tell Plymouth To Write Out Runtime Data...
         Starting LSB: AppArmor initialization...
         Starting Set console font and keymap...
         Starting Initial cloud-init job (pre-networking)...
[[0;32m  OK  [0m] Started Create Volatile Files and Directories.
         Starting Update UTMP about System Boot/Shutdown...
[[0;32m  OK  [0m] Started Tell Plymouth To Write Out Runtime Data.
[[0;32m  OK  [0m] Started Update UTMP about System Boot/Shutdown.
[[0;32m  OK  [0m] Found device /dev/ttyS0.
[[0;32m  OK  [0m] Listening on Load/Save RF Kill Switch Status /dev/rfkill Watch.
[[0;32m  OK  [0m] Found device 82540EM Gigabit Ethern...r (PRO/1000 MT Desktop Adapter).
[[0;32m  OK  [0m] Found device 82540EM Gigabit Ethern...r (PRO/1000 MT Desktop Adapter).
[[0;32m  OK  [0m] Started Set console font and keymap.
[[0;32m  OK  [0m] Created slice system-getty.slice.
[[0;32m  OK  [0m] Started LSB: AppArmor initialization.
[   14.706518] cloud-init[484]: Cloud-init v. 18.3-9-g2e62cb8a-0ubuntu1~16.04.2 running 'init-local' at Thu, 25 Oct 2018 13:06:09 +0000. Up 14.27 seconds.
[[0;32m  OK  [0m] Started Initial cloud-init job (pre-networking).
[[0;32m  OK  [0m] Reached target Network (Pre).
[[0;32m  OK  [0m] Started ifup for enp0s8.
         Starting Raise network interfaces...
[[0;32m  OK  [0m] Started ifup for enp0s3.
[[0;32m  OK  [0m] Started Raise network interfaces.
         Starting Initial cloud-init job (metadata service crawler)...
[[0;32m  OK  [0m] Reached target Network.
[   18.392979] cloud-init[1066]: Cloud-init v. 18.3-9-g2e62cb8a-0ubuntu1~16.04.2 running 'init' at Thu, 25 Oct 2018 13:06:10 +0000. Up 15.48 seconds.
[   18.440906] cloud-init[1066]: ci-info: ++++++++++++++++++++++++++++++++++++++Net device info++++++++++++++++++++++++++++++++++++++
[   18.444460] cloud-init[1066]: ci-info: +--------+------+----------------------------+---------------+--------+-------------------+
[   18.449186] cloud-init[1066]: ci-info: | Device |  Up  |          Address           |      Mask     | Scope  |     Hw-Address    |
[   18.450923] cloud-init[1066]: ci-info: +--------+------+----------------------------+---------------+--------+-------------------+
[   18.452531] cloud-init[1066]: ci-info: | enp0s3 | True |         10.0.2.15          | 255.255.255.0 | global | 02:20:67:8c:d5:af |
[   18.454184] cloud-init[1066]: ci-info: | enp0s3 | True | fe80::20:67ff:fe8c:d5af/64 |       .       |  link  | 02:20:67:8c:d5:af |
[   18.459880] cloud-init[1066]: ci-info: | enp0s8 | True |       192.168.33.10        | 255.255.255.0 | global | 08:00:27:6c:02:b4 |
[   18.461568] cloud-init[1066]: ci-info: | enp0s8 | True | fe80::a00:27ff:fe6c:2b4/64 |       .       |  link  | 08:00:27:6c:02:b4 |
[   18.463285] cloud-init[1066]: ci-info: |   lo   | True |         127.0.0.1          |   255.0.0.0   |  host  |         .         |
[   18.474702] cloud-init[1066]: ci-info: |   lo   | True |          ::1/128           |       .       |  host  |         .         |
[   18.474834] [cloud-init[0;32m  OK  [0m[1066]: ] ci-info: +--------+------+----------------------------+---------------+--------+-------------------+Started Initial cloud-init job (metadata service crawler).

[   18.475152] cloud-init[1066]: ci-info: ++++++++++++++++++++++++++++Route IPv4 info++++++++++++++++++++++++++++
[[0;32m  OK  [0m] Reached target Cloud-config availability.
[   18.487966] cloud-init[1066]: ci-info: +-------+--------------+----------+---------------+-----------+-------+
[   18.516790] cloud-init[1066]: ci-info: | Route | Destination  | Gateway  |    Genmask    | Interface | Flags |
[   18.517003] cloud-init[1066]: ci-info: +-------+--------------+----------+---------------+-----------+-------+
[[0;32m  OK  [0m] Reached target Network is Online.
[   18.518010] cloud-init[1066]: ci-info: |   0   |   0.0.0.0    | 10.0.2.2 |    0.0.0.0    |   enp0s3  |   UG  |
[   18.535287] cloud-init[1066]: ci-info: |   1   |   10.0.2.0   | 0.0.0.0  | 255.255.255.0 |   enp0s3  |   U   |
[   18.536810] cloud-init[1066]: ci-info: |   2   | 192.168.33.0 | 0.0.0.0  | 255.255.255.0 |   enp0s8  |   U   |
[   18.539760] cloud-init[1066]: ci-info: +-------+--------------+----------+---------------+-----------+-------+
[   18.547471] cloud-init[1066]: ci-info: +++++++++++++++++++Route IPv6 info+++++++++++++++++++
[   18.547742] cloud-init[1066]: ci-info: +-------+-------------+---------+-----------+-------+
         Starting iSCSI initiator daemon (iscsid)...
[[   18.547972] cloud-init[1066]: ci-info: | Route | Destination | Gateway | Interface | Flags |
[   18.557237] cloud-init[1066]: ci-info: +-------+-------------+---------+-----------+-------+
[0;32m  OK  [0m] Reached target System Initialization.
[   18.557607] cloud-init[1066]: ci-info: |   0   |  fe80::/64  |    ::   |   enp0s8  |   U   |
         Starting LXD - unix socket.
[   18.564220] cloud-init[1066]: ci-info: |   1   |  fe80::/64  |    ::   |   enp0s3  |   U   |
[   18.565233] cloud-init[1066]: ci-info: |   4   |   ff00::/8  |    ::   |   enp0s8  |   U   |
[   18.565450] cloud-init[1066]: ci-info: |   5   |   ff00::/8  |    ::   |   enp0s3  |   U   |
[   18.566058] cloud-init[1066]: ci-info: +-------+-------------+---------+-----------+-------+
[[0;32m  OK  [0m] Listening on UUID daemon activation socket.
[[0;32m  OK  [0m] Started Daily apt download activities.
[[0;32m  OK  [0m] Started Daily apt upgrade and clean activities.
         Starting Socket activation for snappy daemon.
[[0;32m  OK  [0m] Listening on ACPID Listen Socket.
[[0;32m  OK  [0m] Started Daily Cleanup of Temporary Directories.
[[0;32m  OK  [0m] Started ACPI Events Check.
[[0;32m  OK  [0m] Reached target Paths.
[[0;32m  OK  [0m] Reached target Timers.
[[0;32m  OK  [0m] Listening on D-Bus System Message Bus Socket.
[[0;32m  OK  [0m] Listening on LXD - unix socket.
[[0;32m  OK  [0m] Listening on Socket activation for snappy daemon.
[[0;32m  OK  [0m] Reached target Sockets.
[[0;32m  OK  [0m] Reached target Basic System.
         Starting /etc/rc.local Compatibility...
         Starting Virtualbox guest utils...
[[0;32m  OK  [0m] Started ACPI event daemon.
[[0;32m  OK  [0m] Started Deferred execution scheduler.
[[0;32m  OK  [0m] Started Unattended Upgrades Shutdown.
         Starting System Logging Service...
         Starting Accounts Service...
         Starting LSB: Record successful boot for GRUB...
[[0;32m  OK  [0m] Started D-Bus System Message Bus.
[[0;32m  OK  [0m] Started FUSE filesystem for LXC.
         Starting OpenBSD Secure Shell server...
[[0;32m  OK  [0m] Started Regular background program processing daemon.
         Starting Login Service...
         Starting LSB: MD monitoring daemon...
         Starting Snappy daemon...
         Starting LXD - container startup/shutdown...
[[0;32m  OK  [0m] Started System Logging Service.
[[0;32m  OK  [0m] Started iSCSI initiator daemon (iscsid).
[[0;32m  OK  [0m] Started /etc/rc.local Compatibility.
         Starting Authenticate and Authorize Users to Run Privileged Tasks...
         Starting Login to default iSCSI targets...
[[0;32m  OK  [0m] Started Login Service.
[[0;32m  OK  [0m] Started LSB: Record successful boot for GRUB.
[[0;32m  OK  [0m] Started LSB: MD monitoring daemon.
[[0;32m  OK  [0m] Started Authenticate and Authorize Users to Run Privileged Tasks.
[[0;32m  OK  [0m] Started Accounts Service.
[[0;32m  OK  [0m] Started Login to default iSCSI targets.
[[0;32m  OK  [0m] Reached target Remote File Systems (Pre).
[[0;32m  OK  [0m] Reached target Remote File Systems.
         Starting LSB: automatic crash report generation...
         Starting LSB: daemon to balance interrupts for SMP systems...
         Starting Permit User Sessions...
         Starting LSB: Set the CPU Frequency Scaling governor to "ondemand"...
[[0;32m  OK  [0m] Started LSB: Set the CPU Frequency Scaling governor to "ondemand".
[[0;32m  OK  [0m] Started Permit User Sessions.
         Starting Terminate Plymouth Boot Screen...
         Starting Hold until boot process finishes up...
[[0;32m  OK  [0m] Started Terminate Plymouth Boot Screen.
[[0;32m  OK  [0m] Started Hold until boot process finishes up.
[[0;32m  OK  [0m] Started Serial Getty on ttyS0.
[[0;32m  OK  [0m] Started Getty on tty1.
[[0;32m  OK  [0m] Reached target Login Prompts.
         Starting Set console scheme...
[[0;32m  OK  [0m] Started LSB: daemon to balance interrupts for SMP systems.
[[0;32m  OK  [0m] Started Set console scheme.
[[0;32m  OK  [0m] Started LSB: automatic crash report generation.
[[0;32m  OK  [0m] Started Virtualbox guest utils.
[[0;32m  OK  [0m] Started OpenBSD Secure Shell server.
[[0;32m  OK  [0m] Created slice User Slice of vagrant.
         Starting User Manager for UID 1000...
[[0;32m  OK  [0m] Started Session 1 of user vagrant.
[[0;32m  OK  [0m] Started User Manager for UID 1000.
[[0;32m  OK  [0m] Started LXD - container startup/shutdown.
[[0;32m  OK  [0m] Started Snappy daemon.
         Starting Wait until snapd is fully seeded...
[[0;32m  OK  [0m] Started Wait until snapd is fully seeded.
[[0;32m  OK  [0m] Reached target Multi-User System.
[[0;32m  OK  [0m] Reached target Graphical Interface.
         Starting Update UTMP about System Runlevel Changes...
         Starting Apply the settings specified in cloud-config...
[[0;32m  OK  [0m] Started Update UTMP about System Runlevel Changes.
[   24.882178] cloud-init[1332]: Cloud-init v. 18.3-9-g2e62cb8a-0ubuntu1~16.04.2 running 'modules:config' at Thu, 25 Oct 2018 13:06:19 +0000. Up 24.54 seconds.
[[0;32m  OK  [0m] Started Apply the settings specified in cloud-config.
         Starting Execute cloud user/final scripts...
[   25.638119] cloud-init[1383]: Cloud-init v. 18.3-9-g2e62cb8a-0ubuntu1~16.04.2 running 'modules:final' at Thu, 25 Oct 2018 13:06:20 +0000. Up 25.23 seconds.
[   25.691573] cloud-init[1383]: Cloud-init v. 18.3-9-g2e62cb8a-0ubuntu1~16.04.2 finished at Thu, 25 Oct 2018 13:06:20 +0000. Datasource DataSourceNoCloud [seed=/dev/sdb][dsmode=net].  Up 25.63 seconds
[[0;32m  OK  [0m] Started Execute cloud user/final scripts.
[[0;32m  OK  [0m] Reached target Cloud-init target.

Ubuntu 16.04.5 LTS ubuntu-xenial ttyS0

ubuntu-xenial login:          Stopping Authenticate and Author         Stopping LSB: daemon to balance interrupts for SMP systems...
         Stopping LSB: Record successful boot for GRUB...
[[0;32m  OK  [0m] Unmounted /var/lib/lxcfs.
[[0;32m  OK  [0m] Stopped ACPI event daemon.
[[0;32m  OK  [0m] Stopped Deferred execution scheduler.
[[0;32m  OK  [0m] Stopped System Logging Service.
[[0;32m  OK  [0m] Stopped Accounts Service.
[[0;32m  OK  [0m] Stopped Regular background program processing daemon.
[[0;32m  OK  [0m] Stopped Snappy daemon.
[[0;32m  OK  [0m] Stopped Authenticate and Authorize Users to Run Privileged Tasks.
[[0;32m  OK  [0m] Stopped Serial Getty on ttyS0.
[[0;32m  OK  [0m] Stopped Getty on tty1.
[[0;32m  OK  [0m] Stopped OpenBSD Secure Shell server.
[[0;32m  OK  [0m] Stopped User Manager for UID 1000.
[[0;32m  OK  [0m] Stopped D-Bus System Message Bus.
[[0;32m  OK  [0m] Stopped Session 9 of user vagrant.
[[0;32m  OK  [0m] Stopped Unattended Upgrades Shutdown.
[[0;32m  OK  [0m] Stopped FUSE filesystem for LXC.
[[0;32m  OK  [0m] Stopped LXD - container startup/shutdown.
[[0;32m  OK  [0m] Removed slice User Slice of vagrant.
         Stopping Login Service...
[[0;32m  OK  [0m] Removed slice system-getty.slice.
[[0;32m  OK  [0m] Removed slice system-serial\x2dgetty.slice.
[[0;32m  OK  [0m] Stopped /etc/rc.local Compatibility.
         Stopping Permit User Sessions...
[[0;32m  OK  [0m] Stopped LSB: Set the CPU Frequency Scaling governor to "ondemand".
[[0;32m  OK  [0m] Stopped LSB: automatic crash report generation.
[[0;32m  OK  [0m] Stopped LSB: Record successful boot for GRUB.
[[0;32m  OK  [0m] Stopped Login Service.
[[0;32m  OK  [0m] Stopped Virtualbox guest utils.
[[0;32m  OK  [0m] Stopped LSB: MD monitoring daemon.
[[0;32m  OK  [0m] Stopped LSB: daemon to balance interrupts for SMP systems.
[[0;32m  OK  [0m] Stopped Permit User Sessions.
[[0;32m  OK  [0m] Stopped target User and Group Name Lookups.
[[0;32m  OK  [0m] Stopped target Basic System.
[[0;32m  OK  [0m] Stopped target Sockets.
[[0;32m  OK  [0m] Closed LXD - unix socket.
[[0;32m  OK  [0m] Closed D-Bus System Message Bus Socket.
[[0;32m  OK  [0m] Closed Syslog Socket.
[[0;32m  OK  [0m] Closed Socket activation for snappy daemon.
[[0;32m  OK  [0m] Closed UUID daemon activation socket.
[[0;32m  OK  [0m] Closed ACPID Listen Socket.
[[0;32m  OK  [0m] Stopped target Slices.
[[0;32m  OK  [0m] Removed slice User and Session Slice.
[[0;32m  OK  [0m] Stopped target Paths.
[[0;32m  OK  [0m] Stopped Forward Password Requests to Wall Directory Watch.
[[0;32m  OK  [0m] Stopped Dispatch Password Requests to Console Directory Watch.
[[0;32m  OK  [0m] Stopped ACPI Events Check.
[[0;32m  OK  [0m] Stopped target System Initialization.
[[0;32m  OK  [0m] Stopped target Swap.
         Stopping Update UTMP about System Boot/Shutdown...
         Stopping Load/Save Random Seed...
[[0;32m  OK  [0m] Stopped target Encrypted Volumes.
[[0;32m  OK  [0m] Stopped target Remote File Systems.
[[0;32m  OK  [0m] Stopped target Remote File Systems (Pre).
         Stopping Login to default iSCSI targets...
[[0;32m  OK  [0m] Stopped Load/Save Random Seed.
[[0;32m  OK  [0m] Stopped Update UTMP about System Boot/Shutdown.
[[0;32m  OK  [0m] Stopped Create Volatile Files and Directories.
[[0;32m  OK  [0m] Stopped Login to default iSCSI targets.
         Stopping iSCSI initiator daemon (iscsid)...
[[0;32m  OK  [0m] Stopped iSCSI initiator daemon (iscsid).
[[0;32m  OK  [0m] Stopped target Network is Online.
[[0;32m  OK  [0m] Stopped Initial cloud-init job (metadata service crawler).
[[0;32m  OK  [0m] Stopped target Network.
         Stopping Raise network interfaces...
[[0;32m  OK  [0m] Stopped Raise network interfaces.
[[0;32m  OK  [0m] Stopped target Network (Pre).
[[0;32m  OK  [0m] Stopped Initial cloud-init job (pre-networking).
[[0;32m  OK  [0m] Stopped Apply Kernel Variables.
[[0;32m  OK  [0m] Stopped Load Kernel Modules.
[[0;32m  OK  [0m] Stopped target Local File Systems.
         Unmounting /run/user/1000...
         Unmounting /home/vagrant/isiah...
         Unmounting /vagrant...
[[0;32m  OK  [0m] Unmounted /run/user/1000.
[[0;32m  OK  [0m] Unmounted /home/vagrant/isiah.
[[0;32m  OK  [0m] Unmounted /vagrant.
[[0;32m  OK  [0m] Reached target Unmount All Filesystems.
[[0;32m  OK  [0m] Stopped target Local File Systems (Pre).
[[0;32m  OK  [0m] Stopped Create Static Device Nodes in /dev.
[[0;32m  OK  [0m] Stopped Remount Root and Kernel File Systems.
[[0;32m  OK  [0m] Reached target Shutdown.
[16775.245127] reboot: Power down
